R_STRIP_LINKER_OPTION="-Wl,-S"
PKG_LIBS = $(R_STRIP_LINKER_OPTION)
