PKG_CPPFLAGS = -Wpedantic
PKG_LIBS = $(R_STRIPPER_ARGUMENT)
R_STRIPPER_ARGUMENT = -Wl,-S
