PKG_CPPFLAGS = -Wpedantic
PKG_LIBS = -lrt $(R_STRIPPER_ARGUMENT)
R_STRIPPER_ARGUMENT = -Wl,-S
